[0815/194017.755:ERROR:net\disk_cache\cache_util_win.cc:25] Unable to move the cache: 액세스가 거부되었습니다. (0x5)
[0815/194017.755:ERROR:net\disk_cache\cache_util_win.cc:25] Unable to move the cache: 액세스가 거부되었습니다. (0x5)
[0815/194017.755:ERROR:net\disk_cache\cache_util_win.cc:25] Unable to move the cache: 액세스가 거부되었습니다. (0x5)
[0815/194017.757:ERROR:net\disk_cache\disk_cache.cc:285] Unable to create cache
[0815/194017.757:ERROR:gpu\ipc\host\gpu_disk_cache.cc:737] Gpu Cache Creation failed: -2
[0815/194017.757:ERROR:net\disk_cache\disk_cache.cc:285] Unable to create cache
[0815/194017.757:ERROR:gpu\ipc\host\gpu_disk_cache.cc:737] Gpu Cache Creation failed: -2
[0815/194017.757:ERROR:net\disk_cache\disk_cache.cc:285] Unable to create cache
[0815/194017.758:ERROR:gpu\ipc\host\gpu_disk_cache.cc:737] Gpu Cache Creation failed: -2
[0815/194019.747:WARNING:components\leveldb_proto\internal\leveldb_database.cc:102] Unable to open C:\Users\withj\AppData\Local\Google\Chrome\User Data\Default\PersistentOriginTrials: IO error: C:\Users\withj\AppData\Local\Google\Chrome\User Data\Default\PersistentOriginTrials/LOCK: Access denied. (ChromeMethodBFE: 15::LockFile::5)
[0815/194020.750:ERROR:components\services\storage\service_worker\service_worker_storage.cc:1814] Failed to delete the database: Database IO error
[0815/194021.205:ERROR:net\disk_cache\cache_util_win.cc:25] Unable to move the cache: 액세스가 거부되었습니다. (0x5)
[0815/194021.205:ERROR:net\disk_cache\disk_cache.cc:285] Unable to create cache
[0815/194021.789:WARNING:components\leveldb_proto\internal\leveldb_database.cc:102] Unable to open C:\Users\withj\AppData\Local\Google\Chrome\User Data\Default\shared_proto_db\metadata: IO error: C:\Users\withj\AppData\Local\Google\Chrome\User Data\Default\shared_proto_db\metadata/LOCK: Access denied. (ChromeMethodBFE: 15::LockFile::5)
[0815/194023.816:ERROR:storage\browser\quota\quota_database.cc:988] Could not open the quota database, resetting.
[0815/194023.820:WARNING:components\leveldb_proto\internal\leveldb_database.cc:102] Unable to open C:\Users\withj\AppData\Local\Google\Chrome\User Data\Default\shared_proto_db\metadata: IO error: C:\Users\withj\AppData\Local\Google\Chrome\User Data\Default\shared_proto_db\metadata/LOCK: Access denied. (ChromeMethodBFE: 15::LockFile::5)
[0815/194023.823:INFO:CONSOLE:1] "Sidebar: 1. fetchUser started", source: https://all-in-one-production.vercel.app/_next/static/chunks/0i3ddx9yhg5-6.js (1)
[0815/194025.864:WARNING:components\leveldb_proto\internal\leveldb_database.cc:102] Unable to open C:\Users\withj\AppData\Local\Google\Chrome\User Data\Default\shared_proto_db\metadata: IO error: C:\Users\withj\AppData\Local\Google\Chrome\User Data\Default\shared_proto_db\metadata/LOCK: Access denied. (ChromeMethodBFE: 15::LockFile::5)
[0815/194026.713:ERROR:storage\browser\quota\quota_database.cc:988] Could not open the quota database, resetting.
[0815/194027.904:WARNING:components\leveldb_proto\internal\leveldb_database.cc:102] Unable to open C:\Users\withj\AppData\Local\Google\Chrome\User Data\Default\shared_proto_db\metadata: IO error: C:\Users\withj\AppData\Local\Google\Chrome\User Data\Default\shared_proto_db\metadata/LOCK: Access denied. (ChromeMethodBFE: 15::LockFile::5)
[0815/194029.636:ERROR:storage\browser\quota\quota_database.cc:993] Failed to reset the quota database.
[0815/194029.636:ERROR:storage\browser\quota\quota_database.cc:993] Failed to reset the quota database.
[0815/194029.746:ERROR:net\disk_cache\simple\simple_index_file.cc:331] Failed to write the temporary index file
[0815/194031.677:ERROR:storage\browser\file_system\sandbox_origin_database.cc:198] SandboxOriginDatabase failed at: Init@storage\browser\file_system\sandbox_origin_database.cc:95 with error: IO error: C:\Users\withj\AppData\Local\Google\Chrome\User Data\Default\File System\Origins/LOCK: Access denied. (ChromeMethodBFE: 15::LockFile::5)
[0815/194031.677:WARNING:storage\browser\file_system\sandbox_origin_database.cc:107] Attempting to repair SandboxOriginDatabase.
[0815/194034.740:WARNING:storage\browser\file_system\sandbox_origin_database.cc:141] Failed to repair SandboxOriginDatabase.
[0815/194050.952:ERROR:net\disk_cache\cache_util_win.cc:25] Unable to move the cache: 액세스가 거부되었습니다. (0x5)
[0815/194050.952:ERROR:net\disk_cache\cache_util_win.cc:25] Unable to move the cache: 액세스가 거부되었습니다. (0x5)
[0815/194050.952:ERROR:net\disk_cache\cache_util_win.cc:25] Unable to move the cache: 액세스가 거부되었습니다. (0x5)
[0815/194050.952:ERROR:net\disk_cache\disk_cache.cc:285] Unable to create cache
[0815/194050.952:ERROR:gpu\ipc\host\gpu_disk_cache.cc:737] Gpu Cache Creation failed: -2
[0815/194050.952:ERROR:net\disk_cache\disk_cache.cc:285] Unable to create cache
[0815/194050.952:ERROR:gpu\ipc\host\gpu_disk_cache.cc:737] Gpu Cache Creation failed: -2
[0815/194050.952:ERROR:net\disk_cache\disk_cache.cc:285] Unable to create cache
[0815/194050.952:ERROR:gpu\ipc\host\gpu_disk_cache.cc:737] Gpu Cache Creation failed: -2
[0815/194052.962:WARNING:components\leveldb_proto\internal\leveldb_database.cc:102] Unable to open C:\Users\withj\AppData\Local\Google\Chrome\User Data\Default\PersistentOriginTrials: IO error: C:\Users\withj\AppData\Local\Google\Chrome\User Data\Default\PersistentOriginTrials/LOCK: Access denied. (ChromeMethodBFE: 15::LockFile::5)
[0815/194053.975:ERROR:components\services\storage\service_worker\service_worker_storage.cc:1814] Failed to delete the database: Database IO error
[0815/194054.407:ERROR:net\disk_cache\cache_util_win.cc:25] Unable to move the cache: 액세스가 거부되었습니다. (0x5)
[0815/194054.407:ERROR:net\disk_cache\disk_cache.cc:285] Unable to create cache
[0815/194055.009:WARNING:components\leveldb_proto\internal\leveldb_database.cc:102] Unable to open C:\Users\withj\AppData\Local\Google\Chrome\User Data\Default\shared_proto_db\metadata: IO error: C:\Users\withj\AppData\Local\Google\Chrome\User Data\Default\shared_proto_db\metadata/LOCK: Access denied. (ChromeMethodBFE: 15::LockFile::5)
[0815/194057.036:ERROR:storage\browser\quota\quota_database.cc:988] Could not open the quota database, resetting.
[0815/194057.043:INFO:CONSOLE:1] "Sidebar: 1. fetchUser started", source: https://all-in-one-production.vercel.app/_next/static/chunks/0i3ddx9yhg5-6.js (1)
[0815/194057.056:WARNING:components\leveldb_proto\internal\leveldb_database.cc:102] Unable to open C:\Users\withj\AppData\Local\Google\Chrome\User Data\Default\shared_proto_db\metadata: IO error: C:\Users\withj\AppData\Local\Google\Chrome\User Data\Default\shared_proto_db\metadata/LOCK: Access denied. (ChromeMethodBFE: 15::LockFile::5)
[0815/194059.096:WARNING:components\leveldb_proto\internal\leveldb_database.cc:102] Unable to open C:\Users\withj\AppData\Local\Google\Chrome\User Data\Default\shared_proto_db\metadata: IO error: C:\Users\withj\AppData\Local\Google\Chrome\User Data\Default\shared_proto_db\metadata/LOCK: Access denied. (ChromeMethodBFE: 15::LockFile::5)
[0815/194059.954:ERROR:storage\browser\quota\quota_database.cc:988] Could not open the quota database, resetting.
[0815/194101.134:WARNING:components\leveldb_proto\internal\leveldb_database.cc:102] Unable to open C:\Users\withj\AppData\Local\Google\Chrome\User Data\Default\shared_proto_db\metadata: IO error: C:\Users\withj\AppData\Local\Google\Chrome\User Data\Default\shared_proto_db\metadata/LOCK: Access denied. (ChromeMethodBFE: 15::LockFile::5)
[0815/194102.878:ERROR:storage\browser\quota\quota_database.cc:993] Failed to reset the quota database.
[0815/194102.878:ERROR:storage\browser\quota\quota_database.cc:993] Failed to reset the quota database.
[0815/194102.894:ERROR:net\disk_cache\simple\simple_index_file.cc:331] Failed to write the temporary index file
[0815/194104.905:ERROR:storage\browser\file_system\sandbox_origin_database.cc:198] SandboxOriginDatabase failed at: Init@storage\browser\file_system\sandbox_origin_database.cc:95 with error: IO error: C:\Users\withj\AppData\Local\Google\Chrome\User Data\Default\File System\Origins/LOCK: Access denied. (ChromeMethodBFE: 15::LockFile::5)
[0815/194104.905:WARNING:storage\browser\file_system\sandbox_origin_database.cc:107] Attempting to repair SandboxOriginDatabase.
[0815/194107.969:WARNING:storage\browser\file_system\sandbox_origin_database.cc:141] Failed to repair SandboxOriginDatabase.
[0815/194125.998:ERROR:net\disk_cache\cache_util_win.cc:25] Unable to move the cache: 액세스가 거부되었습니다. (0x5)
[0815/194125.998:ERROR:net\disk_cache\cache_util_win.cc:25] Unable to move the cache: 액세스가 거부되었습니다. (0x5)
[0815/194125.998:ERROR:net\disk_cache\cache_util_win.cc:25] Unable to move the cache: 액세스가 거부되었습니다. (0x5)
[0815/194125.999:ERROR:net\disk_cache\disk_cache.cc:285] Unable to create cache
[0815/194125.999:ERROR:gpu\ipc\host\gpu_disk_cache.cc:737] Gpu Cache Creation failed: -2
[0815/194125.999:ERROR:net\disk_cache\disk_cache.cc:285] Unable to create cache
[0815/194125.999:ERROR:gpu\ipc\host\gpu_disk_cache.cc:737] Gpu Cache Creation failed: -2
[0815/194125.999:ERROR:net\disk_cache\disk_cache.cc:285] Unable to create cache
[0815/194125.999:ERROR:gpu\ipc\host\gpu_disk_cache.cc:737] Gpu Cache Creation failed: -2
[0815/194127.988:WARNING:components\leveldb_proto\internal\leveldb_database.cc:102] Unable to open C:\Users\withj\AppData\Local\Google\Chrome\User Data\Default\PersistentOriginTrials: IO error: C:\Users\withj\AppData\Local\Google\Chrome\User Data\Default\PersistentOriginTrials/LOCK: Access denied. (ChromeMethodBFE: 15::LockFile::5)
[0815/194129.015:ERROR:components\services\storage\service_worker\service_worker_storage.cc:1814] Failed to delete the database: Database IO error
[0815/194129.454:ERROR:net\disk_cache\cache_util_win.cc:25] Unable to move the cache: 액세스가 거부되었습니다. (0x5)
[0815/194129.455:ERROR:net\disk_cache\disk_cache.cc:285] Unable to create cache
[0815/194130.043:WARNING:components\leveldb_proto\internal\leveldb_database.cc:102] Unable to open C:\Users\withj\AppData\Local\Google\Chrome\User Data\Default\shared_proto_db\metadata: IO error: C:\Users\withj\AppData\Local\Google\Chrome\User Data\Default\shared_proto_db\metadata/LOCK: Access denied. (ChromeMethodBFE: 15::LockFile::5)
[0815/194132.053:ERROR:storage\browser\quota\quota_database.cc:988] Could not open the quota database, resetting.
[0815/194132.060:INFO:CONSOLE:1] "Sidebar: 1. fetchUser started", source: https://all-in-one-production.vercel.app/_next/static/chunks/0i3ddx9yhg5-6.js (1)
[0815/194132.073:WARNING:components\leveldb_proto\internal\leveldb_database.cc:102] Unable to open C:\Users\withj\AppData\Local\Google\Chrome\User Data\Default\shared_proto_db\metadata: IO error: C:\Users\withj\AppData\Local\Google\Chrome\User Data\Default\shared_proto_db\metadata/LOCK: Access denied. (ChromeMethodBFE: 15::LockFile::5)
[0815/194134.124:WARNING:components\leveldb_proto\internal\leveldb_database.cc:102] Unable to open C:\Users\withj\AppData\Local\Google\Chrome\User Data\Default\shared_proto_db\metadata: IO error: C:\Users\withj\AppData\Local\Google\Chrome\User Data\Default\shared_proto_db\metadata/LOCK: Access denied. (ChromeMethodBFE: 15::LockFile::5)
[0815/194134.970:ERROR:storage\browser\quota\quota_database.cc:988] Could not open the quota database, resetting.
[0815/194136.173:WARNING:components\leveldb_proto\internal\leveldb_database.cc:102] Unable to open C:\Users\withj\AppData\Local\Google\Chrome\User Data\Default\shared_proto_db\metadata: IO error: C:\Users\withj\AppData\Local\Google\Chrome\User Data\Default\shared_proto_db\metadata/LOCK: Access denied. (ChromeMethodBFE: 15::LockFile::5)
[0815/194137.925:ERROR:storage\browser\quota\quota_database.cc:993] Failed to reset the quota database.
[0815/194137.925:ERROR:storage\browser\quota\quota_database.cc:993] Failed to reset the quota database.
[0815/194138.003:ERROR:net\disk_cache\simple\simple_index_file.cc:331] Failed to write the temporary index file
[0815/194139.961:ERROR:storage\browser\file_system\sandbox_origin_database.cc:198] SandboxOriginDatabase failed at: Init@storage\browser\file_system\sandbox_origin_database.cc:95 with error: IO error: C:\Users\withj\AppData\Local\Google\Chrome\User Data\Default\File System\Origins/LOCK: Access denied. (ChromeMethodBFE: 15::LockFile::5)
[0815/194139.961:WARNING:storage\browser\file_system\sandbox_origin_database.cc:107] Attempting to repair SandboxOriginDatabase.
[0815/194143.012:WARNING:storage\browser\file_system\sandbox_origin_database.cc:141] Failed to repair SandboxOriginDatabase.
